// Jest Snapshot v1, https://goo.gl/fbAQLP

exports[`GET /rest/:id Auto zu vorhandener ID 1`] = `"https://desktop-8j5rgfs:3000/rest/1"`;
